cs211\project\controllers\EditTeamActivityController$2.class
cs211\project\controllers\JoinEventActivityController.class
cs211\project\services\JoinEventListFileDatasource.class
cs211\project\services\JABARouter$1.class
cs211\project\models\collections\TeamActivityList.class
cs211\project\models\EventActivity.class
cs211\project\services\JoinTeamListFileDatasource.class
cs211\project\controllers\CreateEventController.class
cs211\project\services\TeamActivityListFileDatasource.class
cs211\project\controllers\EditProfileAccountController.class
cs211\project\controllers\CreateEventOwnerController$1.class
cs211\project\controllers\ProfileAccountController.class
cs211\project\controllers\AdminController.class
cs211\project\controllers\EditTeamActivityController.class
cs211\project\models\collections\JoinTeamList.class
cs211\project\models\Event.class
cs211\project\controllers\EditEventActivityController$2.class
cs211\project\controllers\HomeEventController.class
cs211\project\controllers\EditTeamActivityController$1.class
cs211\project\models\participants\JoinTeam.class
cs211\project\controllers\JoinTeamActivityController.class
cs211\project\controllers\JoinTeamController.class
cs211\project\controllers\HomeEventController$1.class
cs211\project\controllers\RegisterImageController.class
cs211\project\controllers\EditEventActivityController.class
cs211\project\controllers\ManualController.class
cs211\project\controllers\JoinEventActivityController$1.class
cs211\project\cs211661project\HelloApplication.class
cs211\project\services\EventListFileDatasource.class
cs211\project\controllers\JoinTeamActivityController$1.class
cs211\project\models\TeamActivity.class
cs211\project\models\collections\TeamList.class
cs211\project\services\AccountListFileDatasource.class
cs211\project\controllers\EditEventController.class
cs211\project\controllers\CreateEventImageController.class
cs211\project\services\CommentListFileDatasource.class
cs211\project\models\collections\EventList.class
cs211\project\models\Team.class
cs211\project\services\TeamListFileDatasource.class
cs211\project\services\JABARouter.class
cs211\project\controllers\JoinTeamController$1.class
cs211\project\services\AccountDateTimeComparator.class
cs211\project\controllers\EditTeamController$1.class
cs211\project\models\collections\JoinEventList.class
module-info.class
cs211\project\controllers\SignInController.class
cs211\project\services\EventListActivityFileDatasource.class
cs211\project\controllers\CreateEventOwnerController.class
cs211\project\Main.class
cs211\project\controllers\MemberController.class
cs211\project\controllers\RegisterController.class
cs211\project\models\collections\EventActivityList.class
cs211\project\models\participants\JoinEvent.class
cs211\project\models\Account.class
cs211\project\models\Comment.class
cs211\project\services\Datasource.class
cs211\project\controllers\EditEventActivityController$1.class
cs211\project\models\collections\AccountList.class
cs211\project\services\JABARouter$RouteScene.class
cs211\project\controllers\EditTeamController.class
cs211\project\controllers\JoinEventController.class
cs211\project\models\collections\CommentList.class
cs211\project\controllers\HistoryController.class
cs211\project\controllers\AdminController$1.class
