C:\Project211-21\cs211-661-project-java-jaba\src\main\java\cs211\project\controllers\JoinTeamActivityController.java
C:\Project211-21\cs211-661-project-java-jaba\src\main\java\module-info.java
C:\Project211-21\cs211-661-project-java-jaba\src\main\java\cs211\project\controllers\RegisterImageController.java
C:\Project211-21\cs211-661-project-java-jaba\src\main\java\cs211\project\services\CommentListFileDatasource.java
C:\Project211-21\cs211-661-project-java-jaba\src\main\java\cs211\project\services\AccountListFileDatasource.java
C:\Project211-21\cs211-661-project-java-jaba\src\main\java\cs211\project\controllers\ManualController.java
C:\Project211-21\cs211-661-project-java-jaba\src\main\java\cs211\project\models\Account.java
C:\Project211-21\cs211-661-project-java-jaba\src\main\java\cs211\project\controllers\AdminController.java
C:\Project211-21\cs211-661-project-java-jaba\src\main\java\cs211\project\services\AccountDateTimeComparator.java
C:\Project211-21\cs211-661-project-java-jaba\src\main\java\cs211\project\Main.java
C:\Project211-21\cs211-661-project-java-jaba\src\main\java\cs211\project\models\collections\JoinTeamList.java
C:\Project211-21\cs211-661-project-java-jaba\src\main\java\cs211\project\models\collections\TeamActivityList.java
C:\Project211-21\cs211-661-project-java-jaba\src\main\java\cs211\project\services\JoinTeamListFileDatasource.java
C:\Project211-21\cs211-661-project-java-jaba\src\main\java\cs211\project\controllers\EditEventActivityController.java
C:\Project211-21\cs211-661-project-java-jaba\src\main\java\cs211\project\models\collections\EventActivityList.java
C:\Project211-21\cs211-661-project-java-jaba\src\main\java\cs211\project\controllers\SignInController.java
C:\Project211-21\cs211-661-project-java-jaba\src\main\java\cs211\project\controllers\JoinTeamController.java
C:\Project211-21\cs211-661-project-java-jaba\src\main\java\cs211\project\models\Comment.java
C:\Project211-21\cs211-661-project-java-jaba\src\main\java\cs211\project\services\TeamListFileDatasource.java
C:\Project211-21\cs211-661-project-java-jaba\src\main\java\cs211\project\controllers\RegisterController.java
C:\Project211-21\cs211-661-project-java-jaba\src\main\java\cs211\project\controllers\CreateEventController.java
C:\Project211-21\cs211-661-project-java-jaba\src\main\java\cs211\project\controllers\EditTeamController.java
C:\Project211-21\cs211-661-project-java-jaba\src\main\java\cs211\project\models\Event.java
C:\Project211-21\cs211-661-project-java-jaba\src\main\java\cs211\project\controllers\EditEventController.java
C:\Project211-21\cs211-661-project-java-jaba\src\main\java\cs211\project\controllers\ProfileAccountController.java
C:\Project211-21\cs211-661-project-java-jaba\src\main\java\cs211\project\controllers\EditTeamActivityController.java
C:\Project211-21\cs211-661-project-java-jaba\src\main\java\cs211\project\models\collections\CommentList.java
C:\Project211-21\cs211-661-project-java-jaba\src\main\java\cs211\project\controllers\CreateEventImageController.java
C:\Project211-21\cs211-661-project-java-jaba\src\main\java\cs211\project\controllers\HistoryController.java
C:\Project211-21\cs211-661-project-java-jaba\src\main\java\cs211\project\models\collections\AccountList.java
C:\Project211-21\cs211-661-project-java-jaba\src\main\java\cs211\project\controllers\JoinEventActivityController.java
C:\Project211-21\cs211-661-project-java-jaba\src\main\java\cs211\project\models\Team.java
C:\Project211-21\cs211-661-project-java-jaba\src\main\java\cs211\project\services\EventListActivityFileDatasource.java
C:\Project211-21\cs211-661-project-java-jaba\src\main\java\cs211\project\services\JABARouter.java
C:\Project211-21\cs211-661-project-java-jaba\src\main\java\cs211\project\models\collections\TeamList.java
C:\Project211-21\cs211-661-project-java-jaba\src\main\java\cs211\project\models\participants\JoinEvent.java
C:\Project211-21\cs211-661-project-java-jaba\src\main\java\cs211\project\controllers\CreateEventOwnerController.java
C:\Project211-21\cs211-661-project-java-jaba\src\main\java\cs211\project\controllers\JoinEventController.java
C:\Project211-21\cs211-661-project-java-jaba\src\main\java\cs211\project\models\EventActivity.java
C:\Project211-21\cs211-661-project-java-jaba\src\main\java\cs211\project\services\Datasource.java
C:\Project211-21\cs211-661-project-java-jaba\src\main\java\cs211\project\models\TeamActivity.java
C:\Project211-21\cs211-661-project-java-jaba\src\main\java\cs211\project\cs211661project\HelloApplication.java
C:\Project211-21\cs211-661-project-java-jaba\src\main\java\cs211\project\controllers\EditProfileAccountController.java
C:\Project211-21\cs211-661-project-java-jaba\src\main\java\cs211\project\models\collections\JoinEventList.java
C:\Project211-21\cs211-661-project-java-jaba\src\main\java\cs211\project\services\JoinEventListFileDatasource.java
C:\Project211-21\cs211-661-project-java-jaba\src\main\java\cs211\project\controllers\MemberController.java
C:\Project211-21\cs211-661-project-java-jaba\src\main\java\cs211\project\models\collections\EventList.java
C:\Project211-21\cs211-661-project-java-jaba\src\main\java\cs211\project\models\participants\JoinTeam.java
C:\Project211-21\cs211-661-project-java-jaba\src\main\java\cs211\project\controllers\HomeEventController.java
C:\Project211-21\cs211-661-project-java-jaba\src\main\java\cs211\project\services\EventListFileDatasource.java
C:\Project211-21\cs211-661-project-java-jaba\src\main\java\cs211\project\services\TeamActivityListFileDatasource.java
